---
Resources:
  AnyResource1:
    Type: "AnyAwsType"
    Properties:
      Foo: 1

