---
Resources:
  AnyResource1:
    Type: "AnyAwsType"
    Properties:
    - Any:
        Foo: "bar"

