---
Resources:
  MyData-AnyResource:
    Type: "AnyAwsType"
    Properties:
      Foo: "foo=bar, other=${MyData-Other}"
  MyData-Other:
    Type: "AnyAwsType"
    Properties:
      Foo: "baaaar"

