---
Resources:
  MyDataAnyResource:
    Type: "AnyAwsType"
    Properties:
    - Any:
      - Foo: "bar"

