---
Resources:
  MyData-AnyResource:
    Type: "AnyAwsType"
    Properties:
      Other:
        Ref: "AWS::AnyThing"
      Foo: "bar"

