---
Resources:
  MyDataAnyResource:
    Type: "AnyAwsType"
    Properties:
      Foo:
        My: "Value"
Mappings:
  MyDatafooMap:
    fooMap:
      fooMap:
        Foo: "test"

