---
Resources:
  MyData-AnyResource:
    Type: "AnyAwsType"
    Properties:
      Foo: "notbar"

