---
Resources:
  MyDataAnyResource:
    Type: "AnyAwsType"
    Properties:
      Foo: "bar"

