---
Resources:
  MyData-AnyResource:
    Type: "AnyAwsType"
    Properties:
      Foo: "foo=bar"

