---
Resources:
  MyDataAnyResource:
    Type: "AnyAwsType"
    Properties:
      Foo:
      - "bar1"
      - "bar2"

