---
Resources:
  AnyResource1:
    Type: "AnyAwsType"
    Properties:
      Foo: "default_bar"

