---
Resources:
  AnyResource1:
    Type: "AnyAwsType"
    Properties:
      Foo: "bar"
Mappings:
  fooMap1:
    fooMap:
      fooMap:
        Foo: "test"

