---
Resources:
  AnyResource1:
    Type: "AnyAwsType"
    Properties:
      Foo:
      - - "bar"
        - Any: "other"
      - "bar"

